The ``0-add_integer`` module
======================

Using ``add_integer``
-------------------

    >>> add_integer = __import__('0-add_integer').add_integer

Now use it:

>>> add_integer(6)
104

>>> add_integer(-10, "Hello World")
Traceback (most recent call last):
...
TypeError: b must be an integer

>>> add_integer(-10, 5, 20)
Traceback (most recent call last):
...
TypeError: add_integer() takes from 1 to 2 positional arguments but 3 were given

>>> add_integer()
Traceback (most recent call last):
...
TypeError: add_integer() missing 1 required positional argument: 'a'

>>> add_integer("hola")
Traceback (most recent call last):
...
TypeError: a must be an integer

>>> add_integer(-10, 60)
50



    